Started by user Karthikeyan
Running as SYSTEM
Building in workspace /var/lib/jenkins/workspace/demoPipeline
The recommended git tool is: NONE
No credentials specified
 > git rev-parse --resolve-git-dir /var/lib/jenkins/workspace/demoPipeline/.git # timeout=10
Fetching changes from the remote Git repository
 > git config remote.origin.url https://github.com/karthikeyan141120/jenkinsdemoTaks.git # timeout=10
Fetching upstream changes from https://github.com/karthikeyan141120/jenkinsdemoTaks.git
 > git --version # timeout=10
 > git --version # 'git version 2.53.0'
 > git fetch --tags --force --progress -- https://github.com/karthikeyan141120/jenkinsdemoTaks.git +refs/heads/*:refs/remotes/origin/* # timeout=10
 > git rev-parse refs/remotes/origin/master^{commit} # timeout=10
Checking out Revision 439dd8a8296de963a1d84c8b8e2ee0046f2612f1 (refs/remotes/origin/master)
 > git config core.sparsecheckout # timeout=10
 > git checkout -f 439dd8a8296de963a1d84c8b8e2ee0046f2612f1 # timeout=10
Commit message: "2st Commit For Build"
 > git rev-list --no-walk 439dd8a8296de963a1d84c8b8e2ee0046f2612f1 # timeout=10
No emails were triggered.
[demoPipeline] $ /bin/sh -xe /tmp/jenkins8734803817170173710.sh
+ pwd
/var/lib/jenkins/workspace/demoPipeline
+ ls -la
total 20
drwxr-xr-x 3 jenkins jenkins 4096 May 11 10:04 .
drwxr-xr-x 3 jenkins jenkins 4096 May 11 07:53 ..
drwxr-xr-x 7 jenkins jenkins 4096 May 11 10:06 .git
-rwxr-xr-x 1 jenkins jenkins   98 May 11 10:04 fixed.sh
-rw-r--r-- 1 jenkins jenkins   98 May 11 10:04 test.sh
+ sed -i s/\r// test.sh
+ chmod +x test.sh
+ ./test.sh
/tmp/jenkins8734803817170173710.sh: 7: ./test.sh: not found
Build step 'Execute shell' marked build as failure
Email was triggered for: Failure - Any
Sending email for trigger: Failure - Any
Sending email to: karthibabu014@gmail.com
